Script started on 2026-09-07 15:38:58-04:00 [COMMAND="./configure" TERM="xterm-256color" TTY="/dev/pts/0" COLUMNS="272" LINES="76"]
checking for gcc... /home/phuc/AFLplusplus/afl-clang-fast
checking for C compiler default output file name... a.out
checking whether the C compiler works... yes
checking whether we are cross compiling... no
checking for suffix of executables... 
checking for suffix of object files... o
checking whether we are using the GNU C compiler... yes
checking whether /home/phuc/AFLplusplus/afl-clang-fast accepts -g... yes
checking for /home/phuc/AFLplusplus/afl-clang-fast option to accept ANSI C... none needed
checking for library containing strerror... none required
checking whether we are using the GNU C++ compiler... yes
checking whether /home/phuc/AFLplusplus/afl-clang-fast++ accepts -g... yes
checking for a BSD-compatible install... /usr/bin/install -c
checking for ranlib... ranlib
checking for OS/2 (with EMX)... no
checking for DOS (with DJGPP)... no
checking how to run the C preprocessor... /home/phuc/AFLplusplus/afl-clang-fast -E
checking for X... no
checking for dirent.h that defines DIR... yes
checking for library containing opendir... none required
checking for gethostbyname... yes
checking select() and fd_set in sys/select.h and sys/bsdtypes.h... not needed
checking FD_ZERO and strings.h or bstring.h... not needed
checking for rewinddir... yes
checking for popen... yes
checking for mkstemp... yes
checking for mkstemps... yes
checking whether select takes fd_set arguments... yes
checking for special C compiler options needed for large files... no
checking for _FILE_OFFSET_BITS value needed for large files... no
checking for _LARGE_FILES value needed for large files... no
checking for _LARGEFILE_SOURCE value needed for large files... no
checking for fseeko... yes
checking for fseek64... no
checking for ftell64... no
checking whether to use t1 library... maybe
checking where to find the t1 header files... 
checking t1lib.h usability... no
checking t1lib.h presence... no
checking for t1lib.h... no
not using t1 library
checking whether to use freetype2 library... maybe
checking where to find the freetype2 header files... 
checking ft2build.h usability... no
checking ft2build.h presence... no
checking for ft2build.h... no
not using freetype2 library
checking whether to use libpaper library... maybe
checking where to find the libpaper header files... 
checking paper.h usability... no
checking paper.h presence... no
checking for paper.h... no
not using libpaper library
configure: creating ./config.status
config.status: creating Makefile
config.status: creating goo/Makefile
config.status: creating fofi/Makefile
config.status: creating splash/Makefile
config.status: creating xpdf/Makefile
config.status: creating aconf.h
config.status: aconf.h is unchanged
configure: WARNING: Couldn't find X
configure: WARNING: Couldn't find Motif
configure: WARNING: Couldn't find FreeType
configure: WARNING: -- You will be able to compile pdftops, pdftotext,
        pdfinfo, pdffonts, and pdfimages, but not xpdf or pdftoppm

Script done on 2026-09-07 15:39:02-04:00 [COMMAND_EXIT_CODE="0"]
